Microchip MPLAB XC8 Compiler V2.45

Linker command line:

-W-3 \
  --edf=C:\Program Files\Microchip\xc8\v2.45\pic\dat\20230818022343_en.msgs \
  -cn -h+dist/default/production\Parcial3_P2.X.production.sym \
  --cmf=dist/default/production\Parcial3_P2.X.production.cmf -z -Q18F4550 \
  -oC:\Users\Adriamuz\AppData\Local\Temp\xcAs2og.\driver_tmp_3.o \
  --defsym=__MPLAB_BUILD=1 --fixupoverflow=error \
  -Mdist/default/production/Parcial3_P2.X.production.map \
  --md=C:\Users\Adriamuz\AppData\Local\Temp\xcAs2og.\driver_tmp_0.dat -E1 \
  -ver=XC8 Compiler --acfsm=1493 -ACODE=00h-07FFFh -ACONST=00h-07FFFh \
  -ASMALLCONST=0800h-08FFhx120 -AMEDIUMCONST=0800h-07FFFh -ACOMRAM=01h-05Fh \
  -AABS1=00h-07FFh -ABIGRAM=01h-07FFh -ARAM=060h-0FFh,0100h-01FFhx7 \
  -ABANK0=060h-0FFh -ABANK1=0100h-01FFh -ABANK2=0200h-02FFh \
  -ABANK3=0300h-03FFh -ABANK4=0400h-04FFh -ABANK5=0500h-05FFh \
  -ABANK6=0600h-06FFh -ABANK7=0700h-07FFh -ASFR=0F60h-0FFFh \
  -ABIGSFR=0F60h-0FFFh -ACONFIG=0300000h-030000Dh -AIDLOC=0200000h-0200007h \
  -AEEDATA=0F00000h-0F000FFh -peeprom_data=EEDATA \
  -preset_vec=00h,intcode,intcodelo,powerup,init -pramtop=0800h \
  -psmallconst=SMALLCONST -pmediumconst=MEDIUMCONST -pconst=CONST \
  -AFARRAM=00h-00h \
  -prdata=COMRAM,nvrram=COMRAM,nvbit=COMRAM,rbss=COMRAM,rbit=COMRAM \
  -pfarbss=FARRAM,fardata=FARRAM,nvFARRAM=FARRAM \
  -pintsave_regs=BIGRAM,bigbss=BIGRAM,bigdata=BIGRAM -pbss=RAM \
  -pidata=CODE,irdata=CODE,ibigdata=CODE,ifardata=CODE -prparam=COMRAM \
  C:\Users\Adriamuz\AppData\Local\Temp\xcAs2og.\driver_tmp_9.o \
  dist/default/production\Parcial3_P2.X.production.o 

Object code version is 3.11

Machine type is 18F4550



                Name                               Link     Load   Length Selector   Space Scale
C:\Users\Adriamuz\AppData\Local\Temp\xcAs2og.\driver_tmp_9.o
                config                           300000   300000        E        0       4
                init                                  0        0        4        0       0
dist/default/production\Parcial3_P2.X.production.o
                config                           300000   300000        E        0       4
                smallconst                          800      800        2      400       0
                text7                               9E2      9E2       14      401       0
                text6                               802      802       9C      401       0
                text5                               9BC      9BC       26      401       0
                text4                               92C      92C       34      401       0
                text3                               8F2      8F2       3A      401       0
                text2                               990      990       2C      401       0
                text1                               960      960       30      401       0
                text0                               89E      89E       54      401       0
                cstackCOMRAM                          1        1        A        1       1
                bssCOMRAM                             B        B        2        1       1
                cinit                               9F6      9F6        A      401       0

TOTAL           Name                               Link     Load   Length     Space
        CLASS   CODE           
                init                                  0        0        4         0
                text7                               9E2      9E2       14         0
                text6                               802      802       9C         0
                text5                               9BC      9BC       26         0
                text4                               92C      92C       34         0
                text3                               8F2      8F2       3A         0
                text2                               990      990       2C         0
                text1                               960      960       30         0
                text0                               89E      89E       54         0
                cinit                               9F6      9F6        A         0

        CLASS   CONST          

        CLASS   SMALLCONST     
                smallconst                          800      800        2         0

        CLASS   MEDIUMCONST    

        CLASS   COMRAM         
                cstackCOMRAM                          1        1        A         1
                bssCOMRAM                             B        B        2         1

        CLASS   ABS1           

        CLASS   BIGRAM         

        CLASS   RAM            

        CLASS   BANK0          

        CLASS   BANK1          

        CLASS   BANK2          

        CLASS   BANK3          

        CLASS   BANK4          

        CLASS   BANK5          

        CLASS   BANK6          

        CLASS   BANK7          

        CLASS   SFR            

        CLASS   BIGSFR         

        CLASS   CONFIG         
                config                           300000   300000        E         4

        CLASS   IDLOC          

        CLASS   EEDATA         

        CLASS   FARRAM         

        CLASS   HEAP           

        CLASS   STACK          



SEGMENTS        Name                           Load    Length   Top    Selector   Space  Class

                reset_vec                      000000  000004  000004         0       0  CODE    
                cstackCOMRAM                   000001  00000C  00000D         1       1  COMRAM  
                smallconst                     000800  000002  000802       400       0  SMALLCON
                text6                          000802  0001FE  000A00       401       0  CODE    


UNUSED ADDRESS RANGES

        Name                Unused          Largest block    Delta
        BANK0            000060-0000FF               A0
        BANK1            000100-0001FF              100
        BANK2            000200-0002FF              100
        BANK3            000300-0003FF              100
        BANK4            000400-0004FF              100
        BANK5            000500-0005FF              100
        BANK6            000600-0006FF              100
        BANK7            000700-0007FF              100
        BIGRAM           00000D-0007FF              7F3
        BIGSFR           000F60-000FFF               A0
        CODE             000004-0007FF              7FC
                         000A00-007FFF             7600
        COMRAM           00000D-00005F               53
        CONST            000004-0007FF              7FC
                         000A00-007FFF             7600
        EEDATA           F00000-F000FF              100
        IDLOC            200000-200007                8
        MEDIUMCONST      000A00-007FFF             7600
        RAM              000060-0007FF              100
        SFR              000F60-000FFF               A0
        SMALLCONST       000A00-007FFF              100

                                  Symbol Table

?_ADC_read               cstackCOMRAM 000001
ADC_read@chanel          cstackCOMRAM 000001
ADC_read@digital         cstackCOMRAM 000007
LCDPutChar@ch            cstackCOMRAM 000004
LCDPutCmd@ch             cstackCOMRAM 000004
LCDPutStr@ptr            cstackCOMRAM 000005
LCDWriteNibble@b         cstackCOMRAM 000001
LCDWriteNibble@ch        cstackCOMRAM 000002
_ADCON0                  (abs)        000FC2
_ADCON0bits              (abs)        000FC2
_ADCON1                  (abs)        000FC1
_ADCON2                  (abs)        000FC0
_ADC_init                text7        0009E2
_ADC_read                text6        000802
_ADON                    (abs)        007E10
_ADRESH                  (abs)        000FC4
_ADRESL                  (abs)        000FC3
_GO                      (abs)        007E11
_LATB                    (abs)        000F8A
_LATBbits                (abs)        000F8A
_LCDInit                 text3        0008F2
_LCDPutChar              text2        000990
_LCDPutCmd               text4        00092C
_LCDPutStr               text1        000960
_LCDWriteNibble          text5        0009BC
_TRISA                   (abs)        000F92
_TRISB                   (abs)        000F93
_TRISBbits               (abs)        000F93
__HRAM                   (abs)        000000
__H__absolute__          __absolute__ 000000
__Habs1                  abs1         000000
__Hbank0                 bank0        000000
__Hbank1                 bank1        000000
__Hbank2                 bank2        000000
__Hbank3                 bank3        000000
__Hbank4                 bank4        000000
__Hbank5                 bank5        000000
__Hbank6                 bank6        000000
__Hbank7                 bank7        000000
__Hbigbss                bigbss       000000
__Hbigdata               bigdata      000000
__Hbigram                bigram       000000
__Hbigsfr                bigsfr       000000
__Hbss                   bss          000000
__HbssCOMRAM             bssCOMRAM    000000
__Hcinit                 cinit        000000
__Hclrtext               clrtext      000000
__Hcomram                comram       000000
__Hconfig                config       30000E
__Hconst                 const        000000
__HcstackCOMRAM          cstackCOMRAM 000000
__Hdata                  data         000000
__Heeprom_data           eeprom_data  000000
__Hfarbss                farbss       000000
__Hfardata               fardata      000000
__Hheap                  heap         000000
__Hibigdata              ibigdata     000000
__Hidata                 idata        000000
__Hidloc                 idloc        000000
__Hifardata              ifardata     000000
__Hinit                  init         000004
__Hintcode               intcode      000000
__Hintcode_body          intcode_body 000000
__Hintcodelo             intcodelo    000000
__Hintentry              intentry     000000
__Hintret                intret       000000
__Hintsave_regs          intsave_regs 000000
__Hirdata                irdata       000000
__Hmediumconst           mediumconst  000000
__HnvFARRAM              nvFARRAM     000000
__Hnvbit                 nvbit        000000
__Hnvrram                nvrram       000000
__Hparam                 rparam       000000
__Hpowerup               powerup      000000
__Hram                   ram          000000
__Hramtop                ramtop       000800
__Hrbit                  rbit         000000
__Hrbss                  rbss         000000
__Hrdata                 rdata        000000
__Hreset_vec             reset_vec    000000
__Hrparam                rparam       000000
__Hsfr                   sfr          000000
__Hsmallconst            smallconst   000802
__Hspace_0               (abs)        000A00
__Hspace_1               (abs)        00000D
__Hspace_2               (abs)        000000
__Hspace_4               (abs)        60000E
__Hstack                 stack        000000
__Hstruct                struct       000000
__Htemp                  temp         000000
__Htext                  text         000000
__Htext0                 text0        000000
__Htext1                 text1        000000
__Htext2                 text2        000000
__Htext3                 text3        000000
__Htext4                 text4        000000
__Htext5                 text5        000000
__Htext6                 text6        000000
__Htext7                 text7        000000
__LRAM                   (abs)        000001
__L__absolute__          __absolute__ 000000
__Labs1                  abs1         000000
__Lbank0                 bank0        000000
__Lbank1                 bank1        000000
__Lbank2                 bank2        000000
__Lbank3                 bank3        000000
__Lbank4                 bank4        000000
__Lbank5                 bank5        000000
__Lbank6                 bank6        000000
__Lbank7                 bank7        000000
__Lbigbss                bigbss       000000
__Lbigdata               bigdata      000000
__Lbigram                bigram       000000
__Lbigsfr                bigsfr       000000
__Lbss                   bss          000000
__LbssCOMRAM             bssCOMRAM    000000
__Lcinit                 cinit        000000
__Lclrtext               clrtext      000000
__Lcomram                comram       000000
__Lconfig                config       000000
__Lconst                 const        000000
__LcstackCOMRAM          cstackCOMRAM 000000
__Ldata                  data         000000
__Leeprom_data           eeprom_data  000000
__Lfarbss                farbss       000000
__Lfardata               fardata      000000
__Lheap                  heap         000000
__Libigdata              ibigdata     000000
__Lidata                 idata        000000
__Lidloc                 idloc        000000
__Lifardata              ifardata     000000
__Linit                  init         000000
__Lintcode               intcode      000000
__Lintcode_body          intcode_body 000000
__Lintcodelo             intcodelo    000000
__Lintentry              intentry     000000
__Lintret                intret       000000
__Lintsave_regs          intsave_regs 000000
__Lirdata                irdata       000000
__Lmediumconst           mediumconst  000000
__LnvFARRAM              nvFARRAM     000000
__Lnvbit                 nvbit        000000
__Lnvrram                nvrram       000000
__Lparam                 rparam       000000
__Lpowerup               powerup      000000
__Lram                   ram          000000
__Lramtop                ramtop       000800
__Lrbit                  rbit         000000
__Lrbss                  rbss         000000
__Lrdata                 rdata        000000
__Lreset_vec             reset_vec    000000
__Lrparam                rparam       000000
__Lsfr                   sfr          000000
__Lsmallconst            smallconst   000800
__Lspace_0               (abs)        000000
__Lspace_1               (abs)        000000
__Lspace_2               (abs)        000000
__Lspace_4               (abs)        000000
__Lstack                 stack        000000
__Lstruct                struct       000000
__Ltemp                  temp         000000
__Ltext                  text         000000
__Ltext0                 text0        000000
__Ltext1                 text1        000000
__Ltext2                 text2        000000
__Ltext3                 text3        000000
__Ltext4                 text4        000000
__Ltext5                 text5        000000
__Ltext6                 text6        000000
__Ltext7                 text7        000000
__S0                     (abs)        000A00
__S1                     (abs)        00000D
__S4                     (abs)        000000
__S5                     (abs)        000000
___heap_hi               (abs)        000000
___heap_lo               (abs)        000000
___inthi_sp              stack        000000
___inthi_stack_hi        stack        000000
___inthi_stack_lo        stack        000000
___intlo_sp              stack        000000
___intlo_stack_hi        stack        000000
___intlo_stack_lo        stack        000000
___param_bank            (abs)        000000
___rparam_used           (abs)        000001
___sp                    stack        000000
___stack_hi              stack        000000
___stack_lo              stack        000000
__accesstop              (abs)        000060
__activetblptr           (abs)        000000
__end_of_ADC_init        text7        0009F6
__end_of_ADC_read        text6        00089E
__end_of_LCDInit         text3        00092C
__end_of_LCDPutChar      text2        0009BC
__end_of_LCDPutCmd       text4        000960
__end_of_LCDPutStr       text1        000990
__end_of_LCDWriteNibble  text5        0009E2
__end_of__initialization cinit        0009FA
__end_of_main            text0        0008F2
__initialization         cinit        0009F6
__mediumconst            mediumconst  000000
__pbssCOMRAM             bssCOMRAM    00000B
__pcinit                 cinit        0009F6
__pcstackCOMRAM          cstackCOMRAM 000001
__psmallconst            smallconst   000800
__ptext0                 text0        00089E
__ptext1                 text1        000960
__ptext2                 text2        000990
__ptext3                 text3        0008F2
__ptext4                 text4        00092C
__ptext5                 text5        0009BC
__ptext6                 text6        000802
__ptext7                 text7        0009E2
__ramtop                 ramtop       000800
__smallconst             smallconst   000800
_main                    text0        00089E
_v1                      bssCOMRAM    00000B
end_of_initialization    cinit        0009FA
intlevel0                text         000000
intlevel1                text         000000
intlevel2                text         000000
intlevel3                text         000000
isa$std                  (abs)        000001
isa$xinst                (abs)        000000
stackhi                  (abs)        000000
stacklo                  (abs)        000000
start                    init         000000
start_initialization     cinit        0009F6


MODULE INFORMATION

Module		Function		Class		Link	Load	Size
C:/Users/Adriamuz/Desktop/EDA/MPLAB/Parcial3 P2/Comp/Parcial3 P2.X/LCD-XC4.c
		_LCDPutCmd     		CODE           	092C	0000	52
		_LCDPutStr     		CODE           	0960	0000	48
		_LCDPutChar    		CODE           	0990	0000	44
		_LCDInit       		CODE           	08F2	0000	58
		_LCDWriteNibble		CODE           	09BC	0000	38

C:/Users/Adriamuz/Desktop/EDA/MPLAB/Parcial3 P2/Comp/Parcial3 P2.X/LCD-XC4.c estimated size: 240

C:/Users/Adriamuz/Desktop/EDA/MPLAB/Parcial3 P2/Comp/Parcial3 P2.X/main.c
		_main          		CODE           	089E	0000	84
		_ADC_read      		CODE           	0802	0000	156
		_ADC_init      		CODE           	09E2	0000	20

C:/Users/Adriamuz/Desktop/EDA/MPLAB/Parcial3 P2/Comp/Parcial3 P2.X/main.c estimated size: 260

shared
		__initialization		CODE           	09F6	0000	4

shared estimated size: 4

